---
source: crates/sentinel-ecs/tests/snapshot_perception.rs
expression: injection
---
[SYSTEM_INJECTION]
CIRCADIAN: 09:30 (Du arbeitest seit 2h konzentriert)
KOERPER: Du fuehlst dich gut.
ENVIRONMENT: Die Temperatur ist angenehm (21.5 °C).
AKUSTIK: Stille (32 dB).
ANWESEND: Du bist allein.
[/SYSTEM_INJECTION]
